// Jest Snapshot v1, https://goo.gl/fbAQLP

exports[`ImageView renders snapshot 1`] = `
<Image
  source={Object {}}
  style={
    Array [
      Object {},
      Object {
        "opacity": 1,
      },
    ]
  }
/>
`;
