// Jest Snapshot v1, https://goo.gl/fbAQLP

exports[`renders correctly 1`] = `
<Component
  style={
    Array [
      Object {
        "alignItems": "center",
        "borderRadius": 3,
        "borderWidth": 1,
        "flexDirection": "row",
        "justifyContent": "center",
        "overflow": "hidden",
      },
      Object {
        "backgroundColor": "transparent",
        "borderColor": "blue",
      },
    ]
  }
>
  <TouchableOpacity
    activeOpacity={0.4}
    disabled={true}
    onPress={[Function]}
    style={
      Array [
        Object {
          "alignItems": "center",
        },
        Object {
          "borderColor": "blue",
          "padding": 4,
        },
      ]
    }
  >
    <Component>
      <Image
        source={
          Object {
            "testUri": "../../../assets/decrement.png",
          }
        }
        style={
          Array [
            null,
            Object {
              "tintColor": "blue",
            },
            Object {
              "opacity": 0.5,
            },
          ]
        }
      />
    </Component>
  </TouchableOpacity>
  <TouchableOpacity
    activeOpacity={0.4}
    disabled={false}
    onPress={[Function]}
    style={
      Array [
        Object {
          "alignItems": "center",
          "borderBottomWidth": 0,
          "borderRightWidth": 0,
          "borderTopWidth": 0,
          "borderWidth": 0.5,
        },
        Object {
          "borderColor": "blue",
          "padding": 4,
        },
      ]
    }
  >
    <Component>
      <Image
        source={
          Object {
            "testUri": "../../../assets/increment.png",
          }
        }
        style={
          Array [
            null,
            Object {
              "tintColor": "blue",
            },
            Object {
              "opacity": 1,
            },
          ]
        }
      />
    </Component>
  </TouchableOpacity>
</Component>
`;
