// Jest Snapshot v1, https://goo.gl/fbAQLP

exports[`Step renders snapshot 1`] = `
<TouchableOpacity
  activeOpacity={1}
  disabled={false}
  onPress={[Function]}
  style={
    Object {
      "padding": 8,
    }
  }
/>
`;
